19:28:43 **** Incremental Build of configuration Debug for project amitco ****
make -j16 all 
arm-none-eabi-gcc "../Core/Src/main.c" -mcpu=cortex-m4 -std=gnu11 -g3 -DDEBUG -DUSE_HAL_DRIVER -DSTM32G484xx -c -I../Core/Inc -I../Drivers/STM32G4xx_HAL_Driver/Inc -I../Drivers/STM32G4xx_HAL_Driver/Inc/Legacy -I../Drivers/CMSIS/Device/ST/STM32G4xx/Include -I../Drivers/CMSIS/Include -O0 -ffunction-sections -fdata-sections -Wall -fstack-usage -fcyclomatic-complexity -MMD -MP -MF"Core/Src/main.d" -MT"Core/Src/main.o" --specs=nano.specs -mfpu=fpv4-sp-d16 -mfloat-abi=hard -mthumb -o "Core/Src/main.o"
arm-none-eabi-gcc -o "amitco.elf" @"objects.list"   -mcpu=cortex-m4 -T"C:\Users\amitc\STM32CubeIDE\amitco\amitco\STM32G484VEHX_FLASH.ld" --specs=nosys.specs -Wl,-Map="amitco.map" -Wl,--gc-sections -static --specs=nano.specs -mfpu=fpv4-sp-d16 -mfloat-abi=hard -mthumb -Wl,--start-group -lc -lm -Wl,--end-group
Finished building target: amitco.elf
 
arm-none-eabi-size  amitco.elf 
arm-none-eabi-objdump -h -S amitco.elf  > "amitco.list"
   text	   data	    bss	    dec	    hex	filename
  13464	     12	   1684	  15160	   3b38	amitco.elf
Finished building: default.size.stdout
 
Finished building: amitco.list
 

19:28:45 Build Finished. 0 errors, 0 warnings. (took 1s.989ms)

